
  .   ____          _            __ _ _
 /\\ / ___'_ __ _ _(_)_ __  __ _ \ \ \ \
( ( )\___ | '_ | '_| | '_ \/ _` | \ \ \ \
 \\/  ___)| |_)| | | | | || (_| |  ) ) ) )
  '  |____| .__|_| |_|_| |_\__, | / / / /
 =========|_|==============|___/=/_/_/_/

[32m :: Spring Boot :: [39m              [2m (v4.0.8)[0;39m

[2m2026-09-10T20:01:32.875+10:00[0;39m [32m INFO[0;39m [35m46447[0;39m [2m--- [dingtalk-approval] [           main] [0;39m[36mc.e.d.DingtalkApprovalApplication       [0;39m [2m:[0;39m Starting DingtalkApprovalApplication v0.0.1-SNAPSHOT using Java 17.0.12 with PID 46447 (/Users/zhihan/Documents/ewe/dingtalk-approval/target/dingtalk-approval-0.0.1-SNAPSHOT.jar started by zhihan in /Users/zhihan/Documents/ewe/dingtalk-approval)
[2m2026-09-10T20:01:32.880+10:00[0;39m [32m INFO[0;39m [35m46447[0;39m [2m--- [dingtalk-approval] [           main] [0;39m[36mc.e.d.DingtalkApprovalApplication       [0;39m [2m:[0;39m No active profile set, falling back to 1 default profile: "default"
[2m2026-09-10T20:01:33.936+10:00[0;39m [32m INFO[0;39m [35m46447[0;39m [2m--- [dingtalk-approval] [           main] [0;39m[36mo.s.boot.tomcat.TomcatWebServer         [0;39m [2m:[0;39m Tomcat initialized with port 8080 (http)
[2m2026-09-10T20:01:33.949+10:00[0;39m [32m INFO[0;39m [35m46447[0;39m [2m--- [dingtalk-approval] [           main] [0;39m[36mo.apache.catalina.core.StandardService  [0;39m [2m:[0;39m Starting service [Tomcat]
[2m2026-09-10T20:01:33.949+10:00[0;39m [32m INFO[0;39m [35m46447[0;39m [2m--- [dingtalk-approval] [           main] [0;39m[36mo.apache.catalina.core.StandardEngine   [0;39m [2m:[0;39m Starting Servlet engine: [Apache Tomcat/11.0.24]
[2m2026-09-10T20:01:33.981+10:00[0;39m [32m INFO[0;39m [35m46447[0;39m [2m--- [dingtalk-approval] [           main] [0;39m[36mb.w.c.s.WebApplicationContextInitializer[0;39m [2m:[0;39m Root WebApplicationContext: initialization completed in 1046 ms
[2m2026-09-10T20:01:34.232+10:00[0;39m [32m INFO[0;39m [35m46447[0;39m [2m--- [dingtalk-approval] [           main] [0;39m[36mcom.zaxxer.hikari.HikariDataSource      [0;39m [2m:[0;39m HikariPool-1 - Starting...
[2m2026-09-10T20:01:38.006+10:00[0;39m [32m INFO[0;39m [35m46447[0;39m [2m--- [dingtalk-approval] [           main] [0;39m[36mcom.zaxxer.hikari.pool.HikariPool       [0;39m [2m:[0;39m HikariPool-1 - Added connection conn1: url=jdbc:h2:file:./data/dingtalk-approval user=SA
[2m2026-09-10T20:01:38.009+10:00[0;39m [32m INFO[0;39m [35m46447[0;39m [2m--- [dingtalk-approval] [           main] [0;39m[36mcom.zaxxer.hikari.HikariDataSource      [0;39m [2m:[0;39m HikariPool-1 - Start completed.
[2m2026-09-10T20:01:38.117+10:00[0;39m [32m INFO[0;39m [35m46447[0;39m [2m--- [dingtalk-approval] [           main] [0;39m[36mo.s.b.w.a.WelcomePageHandlerMapping     [0;39m [2m:[0;39m Adding welcome page: class path resource [static/index.html]
[2m2026-09-10T20:01:38.401+10:00[0;39m [32m INFO[0;39m [35m46447[0;39m [2m--- [dingtalk-approval] [           main] [0;39m[36mo.s.boot.tomcat.TomcatWebServer         [0;39m [2m:[0;39m Tomcat started on port 8080 (http) with context path '/'
[2m2026-09-10T20:01:38.419+10:00[0;39m [32m INFO[0;39m [35m46447[0;39m [2m--- [dingtalk-approval] [           main] [0;39m[36mc.e.d.DingtalkApprovalApplication       [0;39m [2m:[0;39m Started DingtalkApprovalApplication in 6.004 seconds (process running for 6.5)
[2m2026-09-10T20:01:39.156+10:00[0;39m [32m INFO[0;39m [35m46447[0;39m [2m--- [dingtalk-approval] [nio-8080-exec-1] [0;39m[36mo.a.c.c.C.[Tomcat].[localhost].[/]      [0;39m [2m:[0;39m Initializing Spring DispatcherServlet 'dispatcherServlet'
[2m2026-09-10T20:01:39.157+10:00[0;39m [32m INFO[0;39m [35m46447[0;39m [2m--- [dingtalk-approval] [nio-8080-exec-1] [0;39m[36mo.s.web.servlet.DispatcherServlet       [0;39m [2m:[0;39m Initializing Servlet 'dispatcherServlet'
[2m2026-09-10T20:01:39.158+10:00[0;39m [32m INFO[0;39m [35m46447[0;39m [2m--- [dingtalk-approval] [nio-8080-exec-1] [0;39m[36mo.s.web.servlet.DispatcherServlet       [0;39m [2m:[0;39m Completed initialization in 1 ms
